Started
[{ Universe(s): 1, Sync_Universe: 0, Values: [1, 2, 3, 4, 5, 6, 7, 8, 9, 10, 11, 12, 13, 14, 15, 16, 17, 18, 19, 20, 21, 22, 23, 24, 25, 26, 27, 28, 29, 30] }, ]
[{ Universe(s): 2, Sync_Universe: 0, Values: [89, 88, 87, 86, 85, 84, 83, 82, 81, 80, 79, 78, 77, 76, 75, 74, 73, 72, 71, 70, 69, 68, 67, 66, 65, 64, 63] }, ]
[{ Universe(s): 3, Sync_Universe: 4, Values: [1, 2, 4, 8, 16, 32, 64, 128, 128, 64, 32, 16, 8, 4, 2, 1, 0] }, { Universe(s): 4, Sync_Universe: 4, Values: [1, 1, 2, 3, 5, 8, 13, 21, 34, 55, 89, 55, 34, 21, 13, 8, 5, 3, 2, 1, 1] }, ]
Error Encountered: Io(Custom { kind: WouldBlock, error: "No data available in given timeout" })
Name: 1, Universes: [1, 2, 3, 4]
